Analysis & Synthesis report for lab3
Fri Oct 21 11:09:52 2022
Quartus II Version 9.1 Build 222 10/21/2009 SJ Web Edition


---------------------
; Table of Contents ;
---------------------
  1. Legal Notice
  2. Analysis & Synthesis Summary
  3. Analysis & Synthesis Settings
  4. Parallel Compilation
  5. Analysis & Synthesis Source Files Read
  6. Analysis & Synthesis Resource Usage Summary
  7. Analysis & Synthesis Resource Utilization by Entity
  8. Analysis & Synthesis RAM Summary
  9. General Register Statistics
 10. Source assignments for lpm_rom0:inst1|altsyncram:altsyncram_component|altsyncram_0rb1:auto_generated
 11. Source assignments for LPM_RAM_IO:inst5|altram:sram|altsyncram:ram_block|altsyncram_g5a1:auto_generated
 12. Source assignments for buffer:inst|lpm_dff0:inst3|lpm_ff:lpm_ff_component|altshift_taps:dffs_rtl_0|shift_taps_f1m:auto_generated|altsyncram_k781:altsyncram2
 13. Parameter Settings for User Entity Instance: buffer:inst|lpm_bustri0:inst|lpm_bustri:lpm_bustri_component
 14. Parameter Settings for User Entity Instance: buffer:inst|lpm_dff0:inst7|lpm_ff:lpm_ff_component
 15. Parameter Settings for User Entity Instance: buffer:inst|lpm_dff0:inst6|lpm_ff:lpm_ff_component
 16. Parameter Settings for User Entity Instance: buffer:inst|lpm_dff0:inst5|lpm_ff:lpm_ff_component
 17. Parameter Settings for User Entity Instance: buffer:inst|lpm_dff0:inst4|lpm_ff:lpm_ff_component
 18. Parameter Settings for User Entity Instance: buffer:inst|lpm_dff0:inst3|lpm_ff:lpm_ff_component
 19. Parameter Settings for User Entity Instance: lpm_bustri2:inst6|lpm_bustri:lpm_bustri_component
 20. Parameter Settings for User Entity Instance: lpm_rom0:inst1
 21. Parameter Settings for User Entity Instance: lpm_rom0:inst1|altsyncram:altsyncram_component
 22. Parameter Settings for User Entity Instance: LPM_RAM_IO:inst5
 23. Parameter Settings for Inferred Entity Instance: buffer:inst|lpm_dff0:inst3|lpm_ff:lpm_ff_component|altshift_taps:dffs_rtl_0
 24. altsyncram Parameter Settings by Entity Instance
 25. altshift_taps Parameter Settings by Entity Instance
 26. Analysis & Synthesis Messages



----------------
; Legal Notice ;
----------------
Copyright (C) 1991-2009 Altera Corporation
Your use of Altera Corporation's design tools, logic functions 
and other software and tools, and its AMPP partner logic 
functions, and any output files from any of the foregoing 
(including device programming or simulation files), and any 
associated documentation or information are expressly subject 
to the terms and conditions of the Altera Program License 
Subscription Agreement, Altera MegaCore Function License 
Agreement, or other applicable license agreement, including, 
without limitation, that your use is for the sole purpose of 
programming logic devices manufactured by Altera and sold by 
Altera or its authorized distributors.  Please refer to the 
applicable agreement for further details.



+-------------------------------------------------------------------------+
; Analysis & Synthesis Summary                                            ;
+-------------------------------+-----------------------------------------+
; Analysis & Synthesis Status   ; Successful - Fri Oct 21 11:09:52 2022   ;
; Quartus II Version            ; 9.1 Build 222 10/21/2009 SJ Web Edition ;
; Revision Name                 ; lab3                                    ;
; Top-level Entity Name         ; main                                    ;
; Family                        ; Stratix II                              ;
; Logic utilization             ; N/A                                     ;
;     Combinational ALUTs       ; 24                                      ;
;     Dedicated logic registers ; 2                                       ;
; Total registers               ; 2                                       ;
; Total pins                    ; 17                                      ;
; Total virtual pins            ; 0                                       ;
; Total block memory bits       ; 536                                     ;
; DSP block 9-bit elements      ; 0                                       ;
; Total PLLs                    ; 0                                       ;
; Total DLLs                    ; 0                                       ;
+-------------------------------+-----------------------------------------+


+----------------------------------------------------------------------------------------------------------------------+
; Analysis & Synthesis Settings                                                                                        ;
+----------------------------------------------------------------------------+--------------------+--------------------+
; Option                                                                     ; Setting            ; Default Value      ;
+----------------------------------------------------------------------------+--------------------+--------------------+
; Top-level entity name                                                      ; main               ; lab3               ;
; Family name                                                                ; Stratix II         ; Stratix II         ;
; Use Generated Physical Constraints File                                    ; Off                ;                    ;
; Use smart compilation                                                      ; Off                ; Off                ;
; Enable parallel Assembler and TimeQuest Timing Analyzer during compilation ; On                 ; On                 ;
; Enable compact report table                                                ; Off                ; Off                ;
; Restructure Multiplexers                                                   ; Auto               ; Auto               ;
; Create Debugging Nodes for IP Cores                                        ; Off                ; Off                ;
; Preserve fewer node names                                                  ; On                 ; On                 ;
; Disable OpenCore Plus hardware evaluation                                  ; Off                ; Off                ;
; Verilog Version                                                            ; Verilog_2001       ; Verilog_2001       ;
; VHDL Version                                                               ; VHDL_1993          ; VHDL_1993          ;
; State Machine Processing                                                   ; Auto               ; Auto               ;
; Safe State Machine                                                         ; Off                ; Off                ;
; Extract Verilog State Machines                                             ; On                 ; On                 ;
; Extract VHDL State Machines                                                ; On                 ; On                 ;
; Ignore Verilog initial constructs                                          ; Off                ; Off                ;
; Iteration limit for constant Verilog loops                                 ; 5000               ; 5000               ;
; Iteration limit for non-constant Verilog loops                             ; 250                ; 250                ;
; Add Pass-Through Logic to Inferred RAMs                                    ; On                 ; On                 ;
; Parallel Synthesis                                                         ; On                 ; On                 ;
; DSP Block Balancing                                                        ; Auto               ; Auto               ;
; NOT Gate Push-Back                                                         ; On                 ; On                 ;
; Power-Up Don't Care                                                        ; On                 ; On                 ;
; Remove Redundant Logic Cells                                               ; Off                ; Off                ;
; Remove Duplicate Registers                                                 ; On                 ; On                 ;
; Ignore CARRY Buffers                                                       ; Off                ; Off                ;
; Ignore CASCADE Buffers                                                     ; Off                ; Off                ;
; Ignore GLOBAL Buffers                                                      ; Off                ; Off                ;
; Ignore ROW GLOBAL Buffers                                                  ; Off                ; Off                ;
; Ignore LCELL Buffers                                                       ; Off                ; Off                ;
; Ignore SOFT Buffers                                                        ; On                 ; On                 ;
; Limit AHDL Integers to 32 Bits                                             ; Off                ; Off                ;
; Optimization Technique                                                     ; Balanced           ; Balanced           ;
; Carry Chain Length                                                         ; 70                 ; 70                 ;
; Auto Carry Chains                                                          ; On                 ; On                 ;
; Auto Open-Drain Pins                                                       ; On                 ; On                 ;
; Perform WYSIWYG Primitive Resynthesis                                      ; Off                ; Off                ;
; Auto ROM Replacement                                                       ; On                 ; On                 ;
; Auto RAM Replacement                                                       ; On                 ; On                 ;
; Auto DSP Block Replacement                                                 ; On                 ; On                 ;
; Auto Shift Register Replacement                                            ; Auto               ; Auto               ;
; Auto Clock Enable Replacement                                              ; On                 ; On                 ;
; Strict RAM Replacement                                                     ; Off                ; Off                ;
; Allow Synchronous Control Signals                                          ; On                 ; On                 ;
; Force Use of Synchronous Clear Signals                                     ; Off                ; Off                ;
; Auto RAM Block Balancing                                                   ; On                 ; On                 ;
; Auto RAM to Logic Cell Conversion                                          ; Off                ; Off                ;
; Auto Resource Sharing                                                      ; Off                ; Off                ;
; Allow Any RAM Size For Recognition                                         ; Off                ; Off                ;
; Allow Any ROM Size For Recognition                                         ; Off                ; Off                ;
; Allow Any Shift Register Size For Recognition                              ; Off                ; Off                ;
; Use LogicLock Constraints during Resource Balancing                        ; On                 ; On                 ;
; Ignore translate_off and synthesis_off directives                          ; Off                ; Off                ;
; Timing-Driven Synthesis                                                    ; Off                ; Off                ;
; Show Parameter Settings Tables in Synthesis Report                         ; On                 ; On                 ;
; Ignore Maximum Fan-Out Assignments                                         ; Off                ; Off                ;
; Synchronization Register Chain Length                                      ; 2                  ; 2                  ;
; PowerPlay Power Optimization                                               ; Normal compilation ; Normal compilation ;
; HDL message level                                                          ; Level2             ; Level2             ;
; Suppress Register Optimization Related Messages                            ; Off                ; Off                ;
; Number of Removed Registers Reported in Synthesis Report                   ; 100                ; 100                ;
; Number of Inverted Registers Reported in Synthesis Report                  ; 100                ; 100                ;
; Clock MUX Protection                                                       ; On                 ; On                 ;
; Auto Gated Clock Conversion                                                ; Off                ; Off                ;
; Block Design Naming                                                        ; Auto               ; Auto               ;
; SDC constraint protection                                                  ; Off                ; Off                ;
; Synthesis Effort                                                           ; Auto               ; Auto               ;
; Shift Register Replacement - Allow Asynchronous Clear Signal               ; On                 ; On                 ;
; Analysis & Synthesis Message Level                                         ; Medium             ; Medium             ;
; Disable Register Merging Across Hierarchies                                ; Auto               ; Auto               ;
; Resource Aware Inference For Block RAM                                     ; On                 ; On                 ;
+----------------------------------------------------------------------------+--------------------+--------------------+


Parallel compilation was disabled, but you have multiple processors available. Enable parallel compilation to reduce compilation time.
+-------------------------------------+
; Parallel Compilation                ;
+----------------------------+--------+
; Processors                 ; Number ;
+----------------------------+--------+
; Number detected on machine ; 12     ;
; Maximum allowed            ; 1      ;
+----------------------------+--------+


+------------------------------------------------------------------------------------------------------------------------------------------------------------------+
; Analysis & Synthesis Source Files Read                                                                                                                           ;
+----------------------------------+-----------------+----------------------------------------+--------------------------------------------------------------------+
; File Name with User-Entered Path ; Used in Netlist ; File Type                              ; File Name with Absolute Path                                       ;
+----------------------------------+-----------------+----------------------------------------+--------------------------------------------------------------------+
; main.bdf                         ; yes             ; User Block Diagram/Schematic File      ; C:/Users/givan/Desktop/SIFO/lab3_work/main.bdf                     ;
; buffer.bdf                       ; yes             ; User Block Diagram/Schematic File      ; C:/Users/givan/Desktop/SIFO/lab3_work/buffer.bdf                   ;
; content/rom.hex                  ; yes             ; User Hexadecimal (Intel-Format) File   ; C:/Users/givan/Desktop/SIFO/lab3_work/content/rom.hex              ;
; lpm_bustri0.tdf                  ; yes             ; Auto-Found Wizard-Generated File       ; C:/Users/givan/Desktop/SIFO/lab3_work/lpm_bustri0.tdf              ;
; lpm_bustri.inc                   ; yes             ; Auto-Found AHDL File                   ; e:/utils/quartus/quartus/libraries/megafunctions/lpm_bustri.inc    ;
; lpm_bustri.tdf                   ; yes             ; Megafunction                           ; e:/utils/quartus/quartus/libraries/megafunctions/lpm_bustri.tdf    ;
; lpm_dff0.tdf                     ; yes             ; Auto-Found Wizard-Generated File       ; C:/Users/givan/Desktop/SIFO/lab3_work/lpm_dff0.tdf                 ;
; lpm_ff.inc                       ; yes             ; Auto-Found AHDL File                   ; e:/utils/quartus/quartus/libraries/megafunctions/lpm_ff.inc        ;
; lpm_ff.tdf                       ; yes             ; Megafunction                           ; e:/utils/quartus/quartus/libraries/megafunctions/lpm_ff.tdf        ;
; lpm_bustri2.tdf                  ; yes             ; Auto-Found Wizard-Generated File       ; C:/Users/givan/Desktop/SIFO/lab3_work/lpm_bustri2.tdf              ;
; lpm_rom0.tdf                     ; yes             ; Auto-Found Wizard-Generated File       ; C:/Users/givan/Desktop/SIFO/lab3_work/lpm_rom0.tdf                 ;
; altsyncram.inc                   ; yes             ; Megafunction                           ; e:/utils/quartus/quartus/libraries/megafunctions/altsyncram.inc    ;
; altsyncram.tdf                   ; yes             ; Megafunction                           ; e:/utils/quartus/quartus/libraries/megafunctions/altsyncram.tdf    ;
; db/altsyncram_0rb1.tdf           ; yes             ; Auto-Generated Megafunction            ; C:/Users/givan/Desktop/SIFO/lab3_work/db/altsyncram_0rb1.tdf       ;
; lpm_ram_io.tdf                   ; yes             ; Megafunction                           ; e:/utils/quartus/quartus/libraries/megafunctions/lpm_ram_io.tdf    ;
; altram.tdf                       ; yes             ; Megafunction                           ; e:/utils/quartus/quartus/libraries/megafunctions/altram.tdf        ;
; db/altsyncram_g5a1.tdf           ; yes             ; Auto-Generated Megafunction            ; C:/Users/givan/Desktop/SIFO/lab3_work/db/altsyncram_g5a1.tdf       ;
; content/ram.hex                  ; yes             ; Auto-Found Memory Initialization File  ; C:/Users/givan/Desktop/SIFO/lab3_work/content/ram.hex              ;
; altshift_taps.tdf                ; yes             ; Megafunction                           ; e:/utils/quartus/quartus/libraries/megafunctions/altshift_taps.tdf ;
; db/shift_taps_f1m.tdf            ; yes             ; Auto-Generated Megafunction            ; C:/Users/givan/Desktop/SIFO/lab3_work/db/shift_taps_f1m.tdf        ;
; db/altsyncram_k781.tdf           ; yes             ; Auto-Generated Megafunction            ; C:/Users/givan/Desktop/SIFO/lab3_work/db/altsyncram_k781.tdf       ;
; db/cntr_mlf.tdf                  ; yes             ; Auto-Generated Megafunction            ; C:/Users/givan/Desktop/SIFO/lab3_work/db/cntr_mlf.tdf              ;
; db/cmpr_8dc.tdf                  ; yes             ; Auto-Generated Megafunction            ; C:/Users/givan/Desktop/SIFO/lab3_work/db/cmpr_8dc.tdf              ;
+----------------------------------+-----------------+----------------------------------------+--------------------------------------------------------------------+


+-------------------------------------------------------+
; Analysis & Synthesis Resource Usage Summary           ;
+-----------------------------------------------+-------+
; Resource                                      ; Usage ;
+-----------------------------------------------+-------+
; Estimated ALUTs Used                          ; 24    ;
; Dedicated logic registers                     ; 2     ;
;                                               ;       ;
; Estimated ALUTs Unavailable                   ; 16    ;
;                                               ;       ;
; Total combinational functions                 ; 24    ;
; Combinational ALUT usage by number of inputs  ;       ;
;     -- 7 input functions                      ; 0     ;
;     -- 6 input functions                      ; 16    ;
;     -- 5 input functions                      ; 0     ;
;     -- 4 input functions                      ; 0     ;
;     -- <=3 input functions                    ; 8     ;
;                                               ;       ;
; Combinational ALUTs by mode                   ;       ;
;     -- normal mode                            ; 21    ;
;     -- extended LUT mode                      ; 0     ;
;     -- arithmetic mode                        ; 3     ;
;     -- shared arithmetic mode                 ; 0     ;
;                                               ;       ;
; Estimated ALUT/register pairs used            ; 40    ;
;                                               ;       ;
; Total registers                               ; 2     ;
;     -- Dedicated logic registers              ; 2     ;
;     -- I/O registers                          ; 0     ;
;                                               ;       ;
; Estimated ALMs:  partially or completely used ; 20    ;
;                                               ;       ;
; I/O pins                                      ; 17    ;
; Total block memory bits                       ; 536   ;
; Maximum fan-out node                          ; read  ;
; Maximum fan-out                               ; 19    ;
; Total fan-out                                 ; 279   ;
; Average fan-out                               ; 4.16  ;
+-----------------------------------------------+-------+


+--------------------------------------------------------------------------------------------------------------------------------------------------------------------------------------------------------------------------------------------------------------------------------------------------------------------------------------------+
; Analysis & Synthesis Resource Utilization by Entity                                                                                                                                                                                                                                                                                        ;
+-------------------------------------------------+-------------------+--------------+-------------------+--------------+---------+-----------+-----------+------+--------------+---------------------------------------------------------------------------------------------------------------------------------------------+--------------+
; Compilation Hierarchy Node                      ; LC Combinationals ; LC Registers ; Block Memory Bits ; DSP Elements ; DSP 9x9 ; DSP 18x18 ; DSP 36x36 ; Pins ; Virtual Pins ; Full Hierarchy Name                                                                                                                         ; Library Name ;
+-------------------------------------------------+-------------------+--------------+-------------------+--------------+---------+-----------+-----------+------+--------------+---------------------------------------------------------------------------------------------------------------------------------------------+--------------+
; |main                                           ; 24 (1)            ; 2 (0)        ; 536               ; 0            ; 0       ; 0         ; 0         ; 17   ; 0            ; |main                                                                                                                                       ; work         ;
;    |buffer:inst|                                ; 14 (2)            ; 2 (0)        ; 24                ; 0            ; 0       ; 0         ; 0         ; 0    ; 0            ; |main|buffer:inst                                                                                                                           ;              ;
;       |lpm_bustri0:inst|                        ; 8 (0)             ; 0 (0)        ; 0                 ; 0            ; 0       ; 0         ; 0         ; 0    ; 0            ; |main|buffer:inst|lpm_bustri0:inst                                                                                                          ; work         ;
;          |lpm_bustri:lpm_bustri_component|      ; 8 (8)             ; 0 (0)        ; 0                 ; 0            ; 0       ; 0         ; 0         ; 0    ; 0            ; |main|buffer:inst|lpm_bustri0:inst|lpm_bustri:lpm_bustri_component                                                                          ; work         ;
;       |lpm_dff0:inst3|                          ; 4 (0)             ; 2 (0)        ; 24                ; 0            ; 0       ; 0         ; 0         ; 0    ; 0            ; |main|buffer:inst|lpm_dff0:inst3                                                                                                            ; work         ;
;          |lpm_ff:lpm_ff_component|              ; 4 (0)             ; 2 (0)        ; 24                ; 0            ; 0       ; 0         ; 0         ; 0    ; 0            ; |main|buffer:inst|lpm_dff0:inst3|lpm_ff:lpm_ff_component                                                                                    ; work         ;
;             |altshift_taps:dffs_rtl_0|          ; 4 (0)             ; 2 (0)        ; 24                ; 0            ; 0       ; 0         ; 0         ; 0    ; 0            ; |main|buffer:inst|lpm_dff0:inst3|lpm_ff:lpm_ff_component|altshift_taps:dffs_rtl_0                                                           ;              ;
;                |shift_taps_f1m:auto_generated|  ; 4 (0)             ; 2 (0)        ; 24                ; 0            ; 0       ; 0         ; 0         ; 0    ; 0            ; |main|buffer:inst|lpm_dff0:inst3|lpm_ff:lpm_ff_component|altshift_taps:dffs_rtl_0|shift_taps_f1m:auto_generated                             ;              ;
;                   |altsyncram_k781:altsyncram2| ; 0 (0)             ; 0 (0)        ; 24                ; 0            ; 0       ; 0         ; 0         ; 0    ; 0            ; |main|buffer:inst|lpm_dff0:inst3|lpm_ff:lpm_ff_component|altshift_taps:dffs_rtl_0|shift_taps_f1m:auto_generated|altsyncram_k781:altsyncram2 ;              ;
;                   |cntr_mlf:cntr1|              ; 4 (4)             ; 2 (2)        ; 0                 ; 0            ; 0       ; 0         ; 0         ; 0    ; 0            ; |main|buffer:inst|lpm_dff0:inst3|lpm_ff:lpm_ff_component|altshift_taps:dffs_rtl_0|shift_taps_f1m:auto_generated|cntr_mlf:cntr1              ;              ;
;    |lpm_ram_io:inst5|                           ; 9 (9)             ; 0 (0)        ; 256               ; 0            ; 0       ; 0         ; 0         ; 0    ; 0            ; |main|lpm_ram_io:inst5                                                                                                                      ; work         ;
;       |altram:sram|                             ; 0 (0)             ; 0 (0)        ; 256               ; 0            ; 0       ; 0         ; 0         ; 0    ; 0            ; |main|lpm_ram_io:inst5|altram:sram                                                                                                          ;              ;
;          |altsyncram:ram_block|                 ; 0 (0)             ; 0 (0)        ; 256               ; 0            ; 0       ; 0         ; 0         ; 0    ; 0            ; |main|lpm_ram_io:inst5|altram:sram|altsyncram:ram_block                                                                                     ;              ;
;             |altsyncram_g5a1:auto_generated|    ; 0 (0)             ; 0 (0)        ; 256               ; 0            ; 0       ; 0         ; 0         ; 0    ; 0            ; |main|lpm_ram_io:inst5|altram:sram|altsyncram:ram_block|altsyncram_g5a1:auto_generated                                                      ;              ;
;    |lpm_rom0:inst1|                             ; 0 (0)             ; 0 (0)        ; 256               ; 0            ; 0       ; 0         ; 0         ; 0    ; 0            ; |main|lpm_rom0:inst1                                                                                                                        ; work         ;
;       |altsyncram:altsyncram_component|         ; 0 (0)             ; 0 (0)        ; 256               ; 0            ; 0       ; 0         ; 0         ; 0    ; 0            ; |main|lpm_rom0:inst1|altsyncram:altsyncram_component                                                                                        ; work         ;
;          |altsyncram_0rb1:auto_generated|       ; 0 (0)             ; 0 (0)        ; 256               ; 0            ; 0       ; 0         ; 0         ; 0    ; 0            ; |main|lpm_rom0:inst1|altsyncram:altsyncram_component|altsyncram_0rb1:auto_generated                                                         ; work         ;
+-------------------------------------------------+-------------------+--------------+-------------------+--------------+---------+-----------+-----------+------+--------------+---------------------------------------------------------------------------------------------------------------------------------------------+--------------+
Note: For table entries with two numbers listed, the numbers in parentheses indicate the number of resources of the given type used by the specific entity alone. The numbers listed outside of parentheses indicate the total resources of the given type used by the specific entity and all of its sub-entities in the hierarchy.


+-------------------------------------------------------------------------------------------------------------------------------------------------------------------------------------------------------------------------------------------------------------------------------------------------------+
; Analysis & Synthesis RAM Summary                                                                                                                                                                                                                                                                      ;
+--------------------------------------------------------------------------------------------------------------------------------------------------+------+------------------+--------------+--------------+--------------+--------------+------+-------------------------------------------------------+
; Name                                                                                                                                             ; Type ; Mode             ; Port A Depth ; Port A Width ; Port B Depth ; Port B Width ; Size ; MIF                                                   ;
+--------------------------------------------------------------------------------------------------------------------------------------------------+------+------------------+--------------+--------------+--------------+--------------+------+-------------------------------------------------------+
; buffer:inst|lpm_dff0:inst3|lpm_ff:lpm_ff_component|altshift_taps:dffs_rtl_0|shift_taps_f1m:auto_generated|altsyncram_k781:altsyncram2|ALTSYNCRAM ; AUTO ; Simple Dual Port ; 3            ; 8            ; 3            ; 8            ; 24   ; None                                                  ;
; lpm_ram_io:inst5|altram:sram|altsyncram:ram_block|altsyncram_g5a1:auto_generated|ALTSYNCRAM                                                      ; AUTO ; Single Port      ; 32           ; 8            ; --           ; --           ; 256  ; content/ram.hex                                       ;
; lpm_rom0:inst1|altsyncram:altsyncram_component|altsyncram_0rb1:auto_generated|ALTSYNCRAM                                                         ; AUTO ; ROM              ; 32           ; 8            ; --           ; --           ; 256  ; C:/Users/givan/Desktop/SIFO/lab3_work/content/rom.hex ;
+--------------------------------------------------------------------------------------------------------------------------------------------------+------+------------------+--------------+--------------+--------------+--------------+------+-------------------------------------------------------+


+------------------------------------------------------+
; General Register Statistics                          ;
+----------------------------------------------+-------+
; Statistic                                    ; Value ;
+----------------------------------------------+-------+
; Total registers                              ; 2     ;
; Number of registers using Synchronous Clear  ; 0     ;
; Number of registers using Synchronous Load   ; 2     ;
; Number of registers using Asynchronous Clear ; 0     ;
; Number of registers using Asynchronous Load  ; 0     ;
; Number of registers using Clock Enable       ; 0     ;
; Number of registers using Preset             ; 0     ;
+----------------------------------------------+-------+


+------------------------------------------------------------------------------------------------------+
; Source assignments for lpm_rom0:inst1|altsyncram:altsyncram_component|altsyncram_0rb1:auto_generated ;
+---------------------------------+--------------------+------+----------------------------------------+
; Assignment                      ; Value              ; From ; To                                     ;
+---------------------------------+--------------------+------+----------------------------------------+
; OPTIMIZE_POWER_DURING_SYNTHESIS ; NORMAL_COMPILATION ; -    ; -                                      ;
+---------------------------------+--------------------+------+----------------------------------------+


+---------------------------------------------------------------------------------------------------------+
; Source assignments for LPM_RAM_IO:inst5|altram:sram|altsyncram:ram_block|altsyncram_g5a1:auto_generated ;
+---------------------------------+--------------------+------+-------------------------------------------+
; Assignment                      ; Value              ; From ; To                                        ;
+---------------------------------+--------------------+------+-------------------------------------------+
; OPTIMIZE_POWER_DURING_SYNTHESIS ; NORMAL_COMPILATION ; -    ; -                                         ;
+---------------------------------+--------------------+------+-------------------------------------------+


+--------------------------------------------------------------------------------------------------------------------------------------------------------------+
; Source assignments for buffer:inst|lpm_dff0:inst3|lpm_ff:lpm_ff_component|altshift_taps:dffs_rtl_0|shift_taps_f1m:auto_generated|altsyncram_k781:altsyncram2 ;
+---------------------------------+--------------------+------+------------------------------------------------------------------------------------------------+
; Assignment                      ; Value              ; From ; To                                                                                             ;
+---------------------------------+--------------------+------+------------------------------------------------------------------------------------------------+
; OPTIMIZE_POWER_DURING_SYNTHESIS ; NORMAL_COMPILATION ; -    ; -                                                                                              ;
+---------------------------------+--------------------+------+------------------------------------------------------------------------------------------------+


+-----------------------------------------------------------------------------------------------------------+
; Parameter Settings for User Entity Instance: buffer:inst|lpm_bustri0:inst|lpm_bustri:lpm_bustri_component ;
+----------------+-------+----------------------------------------------------------------------------------+
; Parameter Name ; Value ; Type                                                                             ;
+----------------+-------+----------------------------------------------------------------------------------+
; LPM_WIDTH      ; 8     ; Untyped                                                                          ;
+----------------+-------+----------------------------------------------------------------------------------+
Note: In order to hide this table in the UI and the text report file, please set the "Show Parameter Settings Tables in Synthesis Report" option in "Analysis and Synthesis Settings -> More Settings" to "Off".


+-------------------------------------------------------------------------------------------------+
; Parameter Settings for User Entity Instance: buffer:inst|lpm_dff0:inst7|lpm_ff:lpm_ff_component ;
+------------------------+------------+-----------------------------------------------------------+
; Parameter Name         ; Value      ; Type                                                      ;
+------------------------+------------+-----------------------------------------------------------+
; LPM_WIDTH              ; 8          ; Untyped                                                   ;
; LPM_AVALUE             ; UNUSED     ; Untyped                                                   ;
; LPM_SVALUE             ; UNUSED     ; Untyped                                                   ;
; LPM_FFTYPE             ; DFF        ; Untyped                                                   ;
; DEVICE_FAMILY          ; Stratix II ; Untyped                                                   ;
; CBXI_PARAMETER         ; NOTHING    ; Untyped                                                   ;
; AUTO_CARRY_CHAINS      ; ON         ; AUTO_CARRY                                                ;
; IGNORE_CARRY_BUFFERS   ; OFF        ; IGNORE_CARRY                                              ;
; AUTO_CASCADE_CHAINS    ; ON         ; AUTO_CASCADE                                              ;
; IGNORE_CASCADE_BUFFERS ; OFF        ; IGNORE_CASCADE                                            ;
+------------------------+------------+-----------------------------------------------------------+
Note: In order to hide this table in the UI and the text report file, please set the "Show Parameter Settings Tables in Synthesis Report" option in "Analysis and Synthesis Settings -> More Settings" to "Off".


+-------------------------------------------------------------------------------------------------+
; Parameter Settings for User Entity Instance: buffer:inst|lpm_dff0:inst6|lpm_ff:lpm_ff_component ;
+------------------------+------------+-----------------------------------------------------------+
; Parameter Name         ; Value      ; Type                                                      ;
+------------------------+------------+-----------------------------------------------------------+
; LPM_WIDTH              ; 8          ; Untyped                                                   ;
; LPM_AVALUE             ; UNUSED     ; Untyped                                                   ;
; LPM_SVALUE             ; UNUSED     ; Untyped                                                   ;
; LPM_FFTYPE             ; DFF        ; Untyped                                                   ;
; DEVICE_FAMILY          ; Stratix II ; Untyped                                                   ;
; CBXI_PARAMETER         ; NOTHING    ; Untyped                                                   ;
; AUTO_CARRY_CHAINS      ; ON         ; AUTO_CARRY                                                ;
; IGNORE_CARRY_BUFFERS   ; OFF        ; IGNORE_CARRY                                              ;
; AUTO_CASCADE_CHAINS    ; ON         ; AUTO_CASCADE                                              ;
; IGNORE_CASCADE_BUFFERS ; OFF        ; IGNORE_CASCADE                                            ;
+------------------------+------------+-----------------------------------------------------------+
Note: In order to hide this table in the UI and the text report file, please set the "Show Parameter Settings Tables in Synthesis Report" option in "Analysis and Synthesis Settings -> More Settings" to "Off".


+-------------------------------------------------------------------------------------------------+
; Parameter Settings for User Entity Instance: buffer:inst|lpm_dff0:inst5|lpm_ff:lpm_ff_component ;
+------------------------+------------+-----------------------------------------------------------+
; Parameter Name         ; Value      ; Type                                                      ;
+------------------------+------------+-----------------------------------------------------------+
; LPM_WIDTH              ; 8          ; Untyped                                                   ;
; LPM_AVALUE             ; UNUSED     ; Untyped                                                   ;
; LPM_SVALUE             ; UNUSED     ; Untyped                                                   ;
; LPM_FFTYPE             ; DFF        ; Untyped                                                   ;
; DEVICE_FAMILY          ; Stratix II ; Untyped                                                   ;
; CBXI_PARAMETER         ; NOTHING    ; Untyped                                                   ;
; AUTO_CARRY_CHAINS      ; ON         ; AUTO_CARRY                                                ;
; IGNORE_CARRY_BUFFERS   ; OFF        ; IGNORE_CARRY                                              ;
; AUTO_CASCADE_CHAINS    ; ON         ; AUTO_CASCADE                                              ;
; IGNORE_CASCADE_BUFFERS ; OFF        ; IGNORE_CASCADE                                            ;
+------------------------+------------+-----------------------------------------------------------+
Note: In order to hide this table in the UI and the text report file, please set the "Show Parameter Settings Tables in Synthesis Report" option in "Analysis and Synthesis Settings -> More Settings" to "Off".


+-------------------------------------------------------------------------------------------------+
; Parameter Settings for User Entity Instance: buffer:inst|lpm_dff0:inst4|lpm_ff:lpm_ff_component ;
+------------------------+------------+-----------------------------------------------------------+
; Parameter Name         ; Value      ; Type                                                      ;
+------------------------+------------+-----------------------------------------------------------+
; LPM_WIDTH              ; 8          ; Untyped                                                   ;
; LPM_AVALUE             ; UNUSED     ; Untyped                                                   ;
; LPM_SVALUE             ; UNUSED     ; Untyped                                                   ;
; LPM_FFTYPE             ; DFF        ; Untyped                                                   ;
; DEVICE_FAMILY          ; Stratix II ; Untyped                                                   ;
; CBXI_PARAMETER         ; NOTHING    ; Untyped                                                   ;
; AUTO_CARRY_CHAINS      ; ON         ; AUTO_CARRY                                                ;
; IGNORE_CARRY_BUFFERS   ; OFF        ; IGNORE_CARRY                                              ;
; AUTO_CASCADE_CHAINS    ; ON         ; AUTO_CASCADE                                              ;
; IGNORE_CASCADE_BUFFERS ; OFF        ; IGNORE_CASCADE                                            ;
+------------------------+------------+-----------------------------------------------------------+
Note: In order to hide this table in the UI and the text report file, please set the "Show Parameter Settings Tables in Synthesis Report" option in "Analysis and Synthesis Settings -> More Settings" to "Off".


+-------------------------------------------------------------------------------------------------+
; Parameter Settings for User Entity Instance: buffer:inst|lpm_dff0:inst3|lpm_ff:lpm_ff_component ;
+------------------------+------------+-----------------------------------------------------------+
; Parameter Name         ; Value      ; Type                                                      ;
+------------------------+------------+-----------------------------------------------------------+
; LPM_WIDTH              ; 8          ; Untyped                                                   ;
; LPM_AVALUE             ; UNUSED     ; Untyped                                                   ;
; LPM_SVALUE             ; UNUSED     ; Untyped                                                   ;
; LPM_FFTYPE             ; DFF        ; Untyped                                                   ;
; DEVICE_FAMILY          ; Stratix II ; Untyped                                                   ;
; CBXI_PARAMETER         ; NOTHING    ; Untyped                                                   ;
; AUTO_CARRY_CHAINS      ; ON         ; AUTO_CARRY                                                ;
; IGNORE_CARRY_BUFFERS   ; OFF        ; IGNORE_CARRY                                              ;
; AUTO_CASCADE_CHAINS    ; ON         ; AUTO_CASCADE                                              ;
; IGNORE_CASCADE_BUFFERS ; OFF        ; IGNORE_CASCADE                                            ;
+------------------------+------------+-----------------------------------------------------------+
Note: In order to hide this table in the UI and the text report file, please set the "Show Parameter Settings Tables in Synthesis Report" option in "Analysis and Synthesis Settings -> More Settings" to "Off".


+------------------------------------------------------------------------------------------------+
; Parameter Settings for User Entity Instance: lpm_bustri2:inst6|lpm_bustri:lpm_bustri_component ;
+----------------+-------+-----------------------------------------------------------------------+
; Parameter Name ; Value ; Type                                                                  ;
+----------------+-------+-----------------------------------------------------------------------+
; LPM_WIDTH      ; 8     ; Untyped                                                               ;
+----------------+-------+-----------------------------------------------------------------------+
Note: In order to hide this table in the UI and the text report file, please set the "Show Parameter Settings Tables in Synthesis Report" option in "Analysis and Synthesis Settings -> More Settings" to "Off".


+-------------------------------------------------------------+
; Parameter Settings for User Entity Instance: lpm_rom0:inst1 ;
+-----------------+-------+-----------------------------------+
; Parameter Name  ; Value ; Type                              ;
+-----------------+-------+-----------------------------------+
; WIDTH_BYTEENA_A ; 1     ; Untyped                           ;
; WIDTH_BYTEENA_B ; 1     ; Untyped                           ;
+-----------------+-------+-----------------------------------+
Note: In order to hide this table in the UI and the text report file, please set the "Show Parameter Settings Tables in Synthesis Report" option in "Analysis and Synthesis Settings -> More Settings" to "Off".


+-------------------------------------------------------------------------------------------------------------+
; Parameter Settings for User Entity Instance: lpm_rom0:inst1|altsyncram:altsyncram_component                 ;
+------------------------------------+-------------------------------------------------------+----------------+
; Parameter Name                     ; Value                                                 ; Type           ;
+------------------------------------+-------------------------------------------------------+----------------+
; BYTE_SIZE_BLOCK                    ; 8                                                     ; Untyped        ;
; AUTO_CARRY_CHAINS                  ; ON                                                    ; AUTO_CARRY     ;
; IGNORE_CARRY_BUFFERS               ; OFF                                                   ; IGNORE_CARRY   ;
; AUTO_CASCADE_CHAINS                ; ON                                                    ; AUTO_CASCADE   ;
; IGNORE_CASCADE_BUFFERS             ; OFF                                                   ; IGNORE_CASCADE ;
; WIDTH_BYTEENA                      ; 1                                                     ; Untyped        ;
; OPERATION_MODE                     ; ROM                                                   ; Untyped        ;
; WIDTH_A                            ; 8                                                     ; Untyped        ;
; WIDTHAD_A                          ; 5                                                     ; Untyped        ;
; NUMWORDS_A                         ; 32                                                    ; Untyped        ;
; OUTDATA_REG_A                      ; UNREGISTERED                                          ; Untyped        ;
; ADDRESS_ACLR_A                     ; NONE                                                  ; Untyped        ;
; OUTDATA_ACLR_A                     ; NONE                                                  ; Untyped        ;
; WRCONTROL_ACLR_A                   ; NONE                                                  ; Untyped        ;
; INDATA_ACLR_A                      ; NONE                                                  ; Untyped        ;
; BYTEENA_ACLR_A                     ; NONE                                                  ; Untyped        ;
; WIDTH_B                            ; 1                                                     ; Untyped        ;
; WIDTHAD_B                          ; 1                                                     ; Untyped        ;
; NUMWORDS_B                         ; 1                                                     ; Untyped        ;
; INDATA_REG_B                       ; CLOCK1                                                ; Untyped        ;
; WRCONTROL_WRADDRESS_REG_B          ; CLOCK1                                                ; Untyped        ;
; RDCONTROL_REG_B                    ; CLOCK1                                                ; Untyped        ;
; ADDRESS_REG_B                      ; CLOCK1                                                ; Untyped        ;
; OUTDATA_REG_B                      ; UNREGISTERED                                          ; Untyped        ;
; BYTEENA_REG_B                      ; CLOCK1                                                ; Untyped        ;
; INDATA_ACLR_B                      ; NONE                                                  ; Untyped        ;
; WRCONTROL_ACLR_B                   ; NONE                                                  ; Untyped        ;
; ADDRESS_ACLR_B                     ; NONE                                                  ; Untyped        ;
; OUTDATA_ACLR_B                     ; NONE                                                  ; Untyped        ;
; RDCONTROL_ACLR_B                   ; NONE                                                  ; Untyped        ;
; BYTEENA_ACLR_B                     ; NONE                                                  ; Untyped        ;
; WIDTH_BYTEENA_A                    ; 1                                                     ; Untyped        ;
; WIDTH_BYTEENA_B                    ; 1                                                     ; Untyped        ;
; RAM_BLOCK_TYPE                     ; AUTO                                                  ; Untyped        ;
; BYTE_SIZE                          ; 8                                                     ; Untyped        ;
; READ_DURING_WRITE_MODE_MIXED_PORTS ; DONT_CARE                                             ; Untyped        ;
; READ_DURING_WRITE_MODE_PORT_A      ; NEW_DATA_NO_NBE_READ                                  ; Untyped        ;
; READ_DURING_WRITE_MODE_PORT_B      ; NEW_DATA_NO_NBE_READ                                  ; Untyped        ;
; INIT_FILE                          ; C:/Users/givan/Desktop/SIFO/lab3_work/content/rom.hex ; Untyped        ;
; INIT_FILE_LAYOUT                   ; PORT_A                                                ; Untyped        ;
; MAXIMUM_DEPTH                      ; 0                                                     ; Untyped        ;
; CLOCK_ENABLE_INPUT_A               ; BYPASS                                                ; Untyped        ;
; CLOCK_ENABLE_INPUT_B               ; NORMAL                                                ; Untyped        ;
; CLOCK_ENABLE_OUTPUT_A              ; BYPASS                                                ; Untyped        ;
; CLOCK_ENABLE_OUTPUT_B              ; NORMAL                                                ; Untyped        ;
; CLOCK_ENABLE_CORE_A                ; USE_INPUT_CLKEN                                       ; Untyped        ;
; CLOCK_ENABLE_CORE_B                ; USE_INPUT_CLKEN                                       ; Untyped        ;
; ENABLE_ECC                         ; FALSE                                                 ; Untyped        ;
; DEVICE_FAMILY                      ; Stratix II                                            ; Untyped        ;
; CBXI_PARAMETER                     ; altsyncram_0rb1                                       ; Untyped        ;
+------------------------------------+-------------------------------------------------------+----------------+
Note: In order to hide this table in the UI and the text report file, please set the "Show Parameter Settings Tables in Synthesis Report" option in "Analysis and Synthesis Settings -> More Settings" to "Off".


+---------------------------------------------------------------+
; Parameter Settings for User Entity Instance: LPM_RAM_IO:inst5 ;
+------------------------+-----------------+--------------------+
; Parameter Name         ; Value           ; Type               ;
+------------------------+-----------------+--------------------+
; LPM_WIDTH              ; 8               ; Untyped            ;
; LPM_WIDTHAD            ; 5               ; Untyped            ;
; LPM_NUMWORDS           ; 32              ; Untyped            ;
; LPM_INDATA             ; REGISTERED      ; Untyped            ;
; LPM_ADDRESS_CONTROL    ; REGISTERED      ; Untyped            ;
; LPM_OUTDATA            ; UNREGISTERED    ; Untyped            ;
; LPM_FILE               ; content/ram.hex ; Untyped            ;
; USE_EAB                ; ON              ; Untyped            ;
; DEVICE_FAMILY          ; Stratix II      ; Untyped            ;
; AUTO_CARRY_CHAINS      ; ON              ; AUTO_CARRY         ;
; IGNORE_CARRY_BUFFERS   ; OFF             ; IGNORE_CARRY       ;
; AUTO_CASCADE_CHAINS    ; ON              ; AUTO_CASCADE       ;
; IGNORE_CASCADE_BUFFERS ; OFF             ; IGNORE_CASCADE     ;
+------------------------+-----------------+--------------------+
Note: In order to hide this table in the UI and the text report file, please set the "Show Parameter Settings Tables in Synthesis Report" option in "Analysis and Synthesis Settings -> More Settings" to "Off".


+------------------------------------------------------------------------------------------------------------------------------+
; Parameter Settings for Inferred Entity Instance: buffer:inst|lpm_dff0:inst3|lpm_ff:lpm_ff_component|altshift_taps:dffs_rtl_0 ;
+----------------+----------------+--------------------------------------------------------------------------------------------+
; Parameter Name ; Value          ; Type                                                                                       ;
+----------------+----------------+--------------------------------------------------------------------------------------------+
; WIDTH_BYTEENA  ; 1              ; Untyped                                                                                    ;
; NUMBER_OF_TAPS ; 1              ; Untyped                                                                                    ;
; TAP_DISTANCE   ; 5              ; Untyped                                                                                    ;
; WIDTH          ; 8              ; Untyped                                                                                    ;
; POWER_UP_STATE ; CLEARED        ; Untyped                                                                                    ;
; CBXI_PARAMETER ; shift_taps_f1m ; Untyped                                                                                    ;
+----------------+----------------+--------------------------------------------------------------------------------------------+
Note: In order to hide this table in the UI and the text report file, please set the "Show Parameter Settings Tables in Synthesis Report" option in "Analysis and Synthesis Settings -> More Settings" to "Off".


+--------------------------------------------------------------------------------------------+
; altsyncram Parameter Settings by Entity Instance                                           ;
+-------------------------------------------+------------------------------------------------+
; Name                                      ; Value                                          ;
+-------------------------------------------+------------------------------------------------+
; Number of entity instances                ; 1                                              ;
; Entity Instance                           ; lpm_rom0:inst1|altsyncram:altsyncram_component ;
;     -- OPERATION_MODE                     ; ROM                                            ;
;     -- WIDTH_A                            ; 8                                              ;
;     -- NUMWORDS_A                         ; 32                                             ;
;     -- OUTDATA_REG_A                      ; UNREGISTERED                                   ;
;     -- WIDTH_B                            ; 1                                              ;
;     -- NUMWORDS_B                         ; 1                                              ;
;     -- ADDRESS_REG_B                      ; CLOCK1                                         ;
;     -- OUTDATA_REG_B                      ; UNREGISTERED                                   ;
;     -- RAM_BLOCK_TYPE                     ; AUTO                                           ;
;     -- READ_DURING_WRITE_MODE_MIXED_PORTS ; DONT_CARE                                      ;
+-------------------------------------------+------------------------------------------------+


+----------------------------------------------------------------------------------------------------------+
; altshift_taps Parameter Settings by Entity Instance                                                      ;
+----------------------------+-----------------------------------------------------------------------------+
; Name                       ; Value                                                                       ;
+----------------------------+-----------------------------------------------------------------------------+
; Number of entity instances ; 1                                                                           ;
; Entity Instance            ; buffer:inst|lpm_dff0:inst3|lpm_ff:lpm_ff_component|altshift_taps:dffs_rtl_0 ;
;     -- NUMBER_OF_TAPS      ; 1                                                                           ;
;     -- TAP_DISTANCE        ; 5                                                                           ;
;     -- WIDTH               ; 8                                                                           ;
+----------------------------+-----------------------------------------------------------------------------+


+-------------------------------+
; Analysis & Synthesis Messages ;
+-------------------------------+
Info: *******************************************************************
Info: Running Quartus II Analysis & Synthesis
    Info: Version 9.1 Build 222 10/21/2009 SJ Web Edition
    Info: Processing started: Fri Oct 21 11:09:50 2022
Info: Command: quartus_map --read_settings_files=on --write_settings_files=off lab3 -c lab3
Warning: Tcl Script File content/lpm_rom0.qip not found
    Info: set_global_assignment -name QIP_FILE content/lpm_rom0.qip
Info: Found 1 design units, including 1 entities, in source file main.bdf
    Info: Found entity 1: main
Info: Found 1 design units, including 1 entities, in source file buffer.bdf
    Info: Found entity 1: buffer
Info: Found 1 design units, including 1 entities, in source file rom.bdf
    Info: Found entity 1: ROM
Info: Found 1 design units, including 1 entities, in source file ram.bdf
    Info: Found entity 1: RAM
Info: Found 1 design units, including 1 entities, in source file address_calculate.bdf
    Info: Found entity 1: address_calculate
Info: Found 1 design units, including 1 entities, in source file cntrl.bdf
    Info: Found entity 1: CNTRL
Info: Elaborating entity "main" for the top level hierarchy
Warning: Can't find a definition for parameter LPM_FILE -- assuming content/ram.hex was intended to be a quoted string
Info: Elaborating entity "buffer" for hierarchy "buffer:inst"
Warning: Using design file lpm_bustri0.tdf, which is not specified as a design file for the current project, but contains definitions for 1 design units and 1 entities in project
    Info: Found entity 1: lpm_bustri0
Info: Elaborating entity "lpm_bustri0" for hierarchy "buffer:inst|lpm_bustri0:inst"
Info: Elaborating entity "lpm_bustri" for hierarchy "buffer:inst|lpm_bustri0:inst|lpm_bustri:lpm_bustri_component"
Info: Elaborated megafunction instantiation "buffer:inst|lpm_bustri0:inst|lpm_bustri:lpm_bustri_component"
Info: Instantiated megafunction "buffer:inst|lpm_bustri0:inst|lpm_bustri:lpm_bustri_component" with the following parameter:
    Info: Parameter "LPM_TYPE" = "LPM_BUSTRI"
    Info: Parameter "LPM_WIDTH" = "8"
Warning: Using design file lpm_dff0.tdf, which is not specified as a design file for the current project, but contains definitions for 1 design units and 1 entities in project
    Info: Found entity 1: lpm_dff0
Info: Elaborating entity "lpm_dff0" for hierarchy "buffer:inst|lpm_dff0:inst7"
Info: Elaborating entity "lpm_ff" for hierarchy "buffer:inst|lpm_dff0:inst7|lpm_ff:lpm_ff_component"
Info: Elaborated megafunction instantiation "buffer:inst|lpm_dff0:inst7|lpm_ff:lpm_ff_component"
Info: Instantiated megafunction "buffer:inst|lpm_dff0:inst7|lpm_ff:lpm_ff_component" with the following parameter:
    Info: Parameter "LPM_TYPE" = "LPM_FF"
    Info: Parameter "LPM_WIDTH" = "8"
    Info: Parameter "LPM_FFTYPE" = "DFF"
Warning: Using design file lpm_bustri2.tdf, which is not specified as a design file for the current project, but contains definitions for 1 design units and 1 entities in project
    Info: Found entity 1: lpm_bustri2
Info: Elaborating entity "lpm_bustri2" for hierarchy "lpm_bustri2:inst6"
Info: Elaborating entity "lpm_bustri" for hierarchy "lpm_bustri2:inst6|lpm_bustri:lpm_bustri_component"
Info: Elaborated megafunction instantiation "lpm_bustri2:inst6|lpm_bustri:lpm_bustri_component"
Info: Instantiated megafunction "lpm_bustri2:inst6|lpm_bustri:lpm_bustri_component" with the following parameter:
    Info: Parameter "LPM_TYPE" = "LPM_BUSTRI"
    Info: Parameter "LPM_WIDTH" = "8"
Warning: Using design file lpm_rom0.tdf, which is not specified as a design file for the current project, but contains definitions for 1 design units and 1 entities in project
    Info: Found entity 1: lpm_rom0
Info: Elaborating entity "lpm_rom0" for hierarchy "lpm_rom0:inst1"
Info: Elaborating entity "altsyncram" for hierarchy "lpm_rom0:inst1|altsyncram:altsyncram_component"
Info: Elaborated megafunction instantiation "lpm_rom0:inst1|altsyncram:altsyncram_component"
Info: Instantiated megafunction "lpm_rom0:inst1|altsyncram:altsyncram_component" with the following parameter:
    Info: Parameter "LPM_TYPE" = "altsyncram"
    Info: Parameter "LPM_HINT" = "ENABLE_RUNTIME_MOD=NO"
    Info: Parameter "INTENDED_DEVICE_FAMILY" = "Stratix II"
    Info: Parameter "OPERATION_MODE" = "ROM"
    Info: Parameter "WIDTH_A" = "8"
    Info: Parameter "WIDTHAD_A" = "5"
    Info: Parameter "NUMWORDS_A" = "32"
    Info: Parameter "OUTDATA_REG_A" = "UNREGISTERED"
    Info: Parameter "OUTDATA_ACLR_A" = "NONE"
    Info: Parameter "INIT_FILE" = "C:/Users/givan/Desktop/SIFO/lab3_work/content/rom.hex"
    Info: Parameter "WIDTH_BYTEENA_A" = "1"
    Info: Parameter "CLOCK_ENABLE_INPUT_A" = "BYPASS"
    Info: Parameter "CLOCK_ENABLE_OUTPUT_A" = "BYPASS"
Info: Found 1 design units, including 1 entities, in source file db/altsyncram_0rb1.tdf
    Info: Found entity 1: altsyncram_0rb1
Info: Elaborating entity "altsyncram_0rb1" for hierarchy "lpm_rom0:inst1|altsyncram:altsyncram_component|altsyncram_0rb1:auto_generated"
Info: Elaborating entity "LPM_RAM_IO" for hierarchy "LPM_RAM_IO:inst5"
Info: Elaborated megafunction instantiation "LPM_RAM_IO:inst5"
Info: Instantiated megafunction "LPM_RAM_IO:inst5" with the following parameter:
    Info: Parameter "LPM_FILE" = "content/ram.hex"
    Info: Parameter "LPM_OUTDATA" = "UNREGISTERED"
    Info: Parameter "LPM_WIDTH" = "8"
    Info: Parameter "LPM_WIDTHAD" = "5"
Info: Elaborating entity "altram" for hierarchy "LPM_RAM_IO:inst5|altram:sram"
Warning: Assertion warning: altram does not support Stratix II device family -- attempting best-case memory conversions, but power-up states and read during write behavior will be different for Stratix II devices
Info: Elaborated megafunction instantiation "LPM_RAM_IO:inst5|altram:sram", which is child of megafunction instantiation "LPM_RAM_IO:inst5"
Info: Elaborating entity "altsyncram" for hierarchy "LPM_RAM_IO:inst5|altram:sram|altsyncram:ram_block"
Info: Elaborated megafunction instantiation "LPM_RAM_IO:inst5|altram:sram|altsyncram:ram_block", which is child of megafunction instantiation "LPM_RAM_IO:inst5"
Info: Found 1 design units, including 1 entities, in source file db/altsyncram_g5a1.tdf
    Info: Found entity 1: altsyncram_g5a1
Info: Elaborating entity "altsyncram_g5a1" for hierarchy "LPM_RAM_IO:inst5|altram:sram|altsyncram:ram_block|altsyncram_g5a1:auto_generated"
Info: Inferred 1 megafunctions from design logic
    Info: Inferred altshift_taps megafunction from the following design logic: "buffer:inst|lpm_dff0:inst3|lpm_ff:lpm_ff_component|dffs[7]~0"
        Info: Parameter NUMBER_OF_TAPS set to 1
        Info: Parameter TAP_DISTANCE set to 5
        Info: Parameter WIDTH set to 8
Info: Elaborated megafunction instantiation "buffer:inst|lpm_dff0:inst3|lpm_ff:lpm_ff_component|altshift_taps:dffs_rtl_0"
Info: Instantiated megafunction "buffer:inst|lpm_dff0:inst3|lpm_ff:lpm_ff_component|altshift_taps:dffs_rtl_0" with the following parameter:
    Info: Parameter "NUMBER_OF_TAPS" = "1"
    Info: Parameter "TAP_DISTANCE" = "5"
    Info: Parameter "WIDTH" = "8"
Info: Found 1 design units, including 1 entities, in source file db/shift_taps_f1m.tdf
    Info: Found entity 1: shift_taps_f1m
Info: Found 1 design units, including 1 entities, in source file db/altsyncram_k781.tdf
    Info: Found entity 1: altsyncram_k781
Info: Found 1 design units, including 1 entities, in source file db/cntr_mlf.tdf
    Info: Found entity 1: cntr_mlf
Info: Found 1 design units, including 1 entities, in source file db/cmpr_8dc.tdf
    Info: Found entity 1: cmpr_8dc
Warning: Tri-state node(s) do not directly drive top-level pin(s)
    Warning: Converted the fan-out from the tri-state buffer "buffer:inst|lpm_bustri0:inst|lpm_bustri:lpm_bustri_component|din[7]" to the node "buffer:inst|lpm_dff0:inst3|lpm_ff:lpm_ff_component|altshift_taps:dffs_rtl_0|shift_taps_f1m:auto_generated|altsyncram_k781:altsyncram2|ram_block3a0" into an OR gate
    Warning: Converted the fan-out from the tri-state buffer "buffer:inst|lpm_bustri0:inst|lpm_bustri:lpm_bustri_component|din[6]" to the node "buffer:inst|lpm_dff0:inst3|lpm_ff:lpm_ff_component|altshift_taps:dffs_rtl_0|shift_taps_f1m:auto_generated|altsyncram_k781:altsyncram2|ram_block3a1" into an OR gate
    Warning: Converted the fan-out from the tri-state buffer "buffer:inst|lpm_bustri0:inst|lpm_bustri:lpm_bustri_component|din[5]" to the node "buffer:inst|lpm_dff0:inst3|lpm_ff:lpm_ff_component|altshift_taps:dffs_rtl_0|shift_taps_f1m:auto_generated|altsyncram_k781:altsyncram2|ram_block3a2" into an OR gate
    Warning: Converted the fan-out from the tri-state buffer "buffer:inst|lpm_bustri0:inst|lpm_bustri:lpm_bustri_component|din[4]" to the node "buffer:inst|lpm_dff0:inst3|lpm_ff:lpm_ff_component|altshift_taps:dffs_rtl_0|shift_taps_f1m:auto_generated|altsyncram_k781:altsyncram2|ram_block3a3" into an OR gate
    Warning: Converted the fan-out from the tri-state buffer "buffer:inst|lpm_bustri0:inst|lpm_bustri:lpm_bustri_component|din[3]" to the node "buffer:inst|lpm_dff0:inst3|lpm_ff:lpm_ff_component|altshift_taps:dffs_rtl_0|shift_taps_f1m:auto_generated|altsyncram_k781:altsyncram2|ram_block3a4" into an OR gate
    Warning: Converted the fan-out from the tri-state buffer "buffer:inst|lpm_bustri0:inst|lpm_bustri:lpm_bustri_component|din[2]" to the node "buffer:inst|lpm_dff0:inst3|lpm_ff:lpm_ff_component|altshift_taps:dffs_rtl_0|shift_taps_f1m:auto_generated|altsyncram_k781:altsyncram2|ram_block3a5" into an OR gate
    Warning: Converted the fan-out from the tri-state buffer "buffer:inst|lpm_bustri0:inst|lpm_bustri:lpm_bustri_component|din[1]" to the node "buffer:inst|lpm_dff0:inst3|lpm_ff:lpm_ff_component|altshift_taps:dffs_rtl_0|shift_taps_f1m:auto_generated|altsyncram_k781:altsyncram2|ram_block3a6" into an OR gate
    Warning: Converted the fan-out from the tri-state buffer "buffer:inst|lpm_bustri0:inst|lpm_bustri:lpm_bustri_component|din[0]" to the node "buffer:inst|lpm_dff0:inst3|lpm_ff:lpm_ff_component|altshift_taps:dffs_rtl_0|shift_taps_f1m:auto_generated|altsyncram_k781:altsyncram2|ram_block3a7" into an OR gate
Warning: Tri-state node(s) do not directly drive top-level pin(s)
    Warning: Converted the fan-out from the tri-state buffer "lpm_ram_io:inst5|datatri[7]" to the node "lpm_ram_io:inst5|altram:sram|altsyncram:ram_block|altsyncram_g5a1:auto_generated|q_a[7]" into an OR gate
    Warning: Converted the fan-out from the tri-state buffer "lpm_ram_io:inst5|datatri[6]" to the node "lpm_ram_io:inst5|altram:sram|altsyncram:ram_block|altsyncram_g5a1:auto_generated|q_a[6]" into an OR gate
    Warning: Converted the fan-out from the tri-state buffer "lpm_ram_io:inst5|datatri[5]" to the node "lpm_ram_io:inst5|altram:sram|altsyncram:ram_block|altsyncram_g5a1:auto_generated|q_a[5]" into an OR gate
    Warning: Converted the fan-out from the tri-state buffer "lpm_ram_io:inst5|datatri[4]" to the node "lpm_ram_io:inst5|altram:sram|altsyncram:ram_block|altsyncram_g5a1:auto_generated|q_a[4]" into an OR gate
    Warning: Converted the fan-out from the tri-state buffer "lpm_ram_io:inst5|datatri[3]" to the node "lpm_ram_io:inst5|altram:sram|altsyncram:ram_block|altsyncram_g5a1:auto_generated|q_a[3]" into an OR gate
    Warning: Converted the fan-out from the tri-state buffer "lpm_ram_io:inst5|datatri[2]" to the node "lpm_ram_io:inst5|altram:sram|altsyncram:ram_block|altsyncram_g5a1:auto_generated|q_a[2]" into an OR gate
    Warning: Converted the fan-out from the tri-state buffer "lpm_ram_io:inst5|datatri[1]" to the node "lpm_ram_io:inst5|altram:sram|altsyncram:ram_block|altsyncram_g5a1:auto_generated|q_a[1]" into an OR gate
    Warning: Converted the fan-out from the tri-state buffer "lpm_ram_io:inst5|datatri[0]" to the node "lpm_ram_io:inst5|altram:sram|altsyncram:ram_block|altsyncram_g5a1:auto_generated|q_a[0]" into an OR gate
Warning: Ignored assignments for entity "lab3" -- entity does not exist in design
    Warning: Assignment for entity set_global_assignment -name LL_ROOT_REGION ON -entity lab3 -section_id "Root Region" was ignored
    Warning: Assignment for entity set_global_assignment -name LL_MEMBER_STATE LOCKED -entity lab3 -section_id "Root Region" was ignored
Info: Implemented 65 device resources after synthesis - the final resource count might be different
    Info: Implemented 9 input pins
    Info: Implemented 8 output pins
    Info: Implemented 24 logic cells
    Info: Implemented 24 RAM segments
Info: Quartus II Analysis & Synthesis was successful. 0 errors, 28 warnings
    Info: Peak virtual memory: 228 megabytes
    Info: Processing ended: Fri Oct 21 11:09:52 2022
    Info: Elapsed time: 00:00:02
    Info: Total CPU time (on all processors): 00:00:03


